// Jest Snapshot v1, https://goo.gl/fbAQLP

exports[`PlaceCard is rendered correctly 1`] = `
<article
  className="itemClassName place-card"
  onMouseOut={[Function]}
  onMouseOver={[Function]}
>
  <div
    className="wrapClassName__image-wrapper place-card__image-wrapper"
  >
    <Link
      to="/offer/1"
    >
      <img
        className="place-card__image"
        height={130}
        src="https://assets.htmlacademy.ru/intensives/javascript-3/hotel/3.jpg"
        width={150}
      />
    </Link>
  </div>
  <div
    className="place-card__info"
  >
    <div
      className="place-card__price-wrapper"
    >
      <div
        className="place-card__price"
      >
        <b
          className="place-card__price-value"
        >
          €
          440
        </b>
        <span
          className="place-card__price-text"
        >
          / night
        </span>
      </div>
      <Memo(Connect(BookmarkButton))
        cardId={1}
        isFavorite={false}
      />
    </div>
    <Rating
      className="place-card"
      rating={1}
    />
    <h2
      className="place-card__name"
    >
      <a
        href="#"
      >
        Perfectly located Castro
      </a>
    </h2>
    <p
      className="place-card__type"
    >
      house
    </p>
  </div>
</article>
`;
