// Jest Snapshot v1, https://goo.gl/fbAQLP

exports[`Header rendered with auth info 1`] = `
<div
  className="property__host"
>
  <h2
    className="property__host-title"
  >
    Meet the host
  </h2>
  <div
    className="property__host-user user"
  >
    <div
      className="property__avatar-wrapper property__avatar-wrapper--pro user__avatar-wrapper"
    >
      <img
        alt="Host avatar"
        className="property__avatar user__avatar"
        height="74"
        src="img/avatar-angelina.jpg"
        width="74"
      />
    </div>
    <span
      className="property__user-name"
    >
      Angelina
    </span>
  </div>
  <div
    className="property__description"
  >
    <p
      className="property__text"
    >
      Relax, rejuvenate and unplug in this ultimate rustic getaway experience in the country. In our beautiful screened Pondhouse, you can gaze at the stars and listen to the sounds of nature from your cozy warm bed.
    </p>
  </div>
</div>
`;
